// Jest Snapshot v1, https://goo.gl/fbAQLP

exports[`chat component should render chat 1`] = `
<div
  className="Chat"
  style={Object {}}
>
  <div
    className="MessageBox"
  >
    <Message
      author="me"
      color="black"
      content="Hello!"
      date={2017-12-22T14:53:13.141Z}
      key="1513954393141"
    />
    <Message
      author="you"
      color="black"
      content="Hi!"
      date={2017-12-22T14:53:13.241Z}
      key="1513954393241"
    />
    <Message
      author="me"
      color="black"
      content="How are you?"
      date={2017-12-22T14:53:14.141Z}
      key="1513954394141"
    />
  </div>
  <div
    className="InputBox"
  >
    <TextareaAutosize
      className="InputArea"
      maxRows={5}
      minRows={1}
      onChange={[Function]}
      onHeightChange={[Function]}
      onKeyDown={[Function]}
      placeholder="Write your message..."
      tabIndex="0"
      useCacheForDOMMeasurements={false}
      value=""
    />
    <div
      className="SendButton"
      onClick={[Function]}
      onKeyDown={[Function]}
      role="button"
      tabIndex="0"
    >
      <span>
        \\&gt;
      </span>
    </div>
  </div>
</div>
`;
